{
  "uplink128" : "pen-intf1",
  "uplink129" : "pen-intf2"
}
