[
  {
    "kind": "Endpoint",
    "meta": {
      "name": "scale-ep-0",
      "tenant": "default",
      "namespace": "scale-vrf-0",
      "creation-time": "1970-01-01T00:00:00Z",
      "mod-time": "1970-01-01T00:00:00Z"
    },
    "spec": {
      "network-name": "scale-nw-0",
      "interface-type": "lif",
      "interface": "lif1",
      "ipv4-address": "177.75.132.50/32",
      "mac-address": "5e:21:75:4b:6e:23",
      "useg-vlan": 2
    },
    "status": {}
  },
  {
    "kind": "Endpoint",
    "meta": {
      "name": "scale-ep-1",
      "tenant": "default",
      "namespace": "scale-vrf-0",
      "creation-time": "1970-01-01T00:00:00Z",
      "mod-time": "1970-01-01T00:00:00Z"
    },
    "spec": {
      "network-name": "scale-nw-0",
      "interface-type": "lif",
      "interface": "lif1",
      "ipv4-address": "177.75.132.51/32",
      "mac-address": "3a:13:5a:76:42:23",
      "useg-vlan": 3
    },
    "status": {}
  },
  {
    "kind": "Endpoint",
    "meta": {
      "name": "scale-ep-2",
      "tenant": "default",
      "namespace": "scale-vrf-0",
      "creation-time": "1970-01-01T00:00:00Z",
      "mod-time": "1970-01-01T00:00:00Z"
    },
    "spec": {
      "network-name": "scale-nw-0",
      "interface-type": "uplink",
      "interface": "uplink2",
      "ipv4-address": "177.75.132.52/32",
      "mac-address": "76:b9:95:16:a6:6f",
      "node-uuid": "GWUUID",
      "useg-vlan": 4
    },
    "status": {}
  },
  {
    "kind": "Endpoint",
    "meta": {
      "name": "scale-ep-3",
      "tenant": "default",
      "namespace": "scale-vrf-0",
      "creation-time": "1970-01-01T00:00:00Z",
      "mod-time": "1970-01-01T00:00:00Z"
    },
    "spec": {
      "network-name": "scale-nw-0",
      "interface-type": "uplink",
      "interface": "uplink1",
      "ipv4-address": "177.75.132.53/32",
      "mac-address": "1e:a1:5a:53:16:f5",
      "node-uuid": "GWUUID",
      "useg-vlan": 5
    },
    "status": {}
  },
  {
    "kind": "Endpoint",
    "meta": {
      "name": "scale-ep-4",
      "tenant": "default",
      "namespace": "scale-vrf-1",
      "creation-time": "1970-01-01T00:00:00Z",
      "mod-time": "1970-01-01T00:00:00Z"
    },
    "spec": {
      "network-name": "scale-nw-1",
      "interface-type": "lif",
      "interface": "lif1",
      "ipv4-address": "223.97.165.130/32",
      "mac-address": "4e:11:c9:8f:5f:af",
      "useg-vlan": 6
    },
    "status": {}
  },
  {
    "kind": "Endpoint",
    "meta": {
      "name": "scale-ep-5",
      "tenant": "default",
      "namespace": "scale-vrf-1",
      "creation-time": "1970-01-01T00:00:00Z",
      "mod-time": "1970-01-01T00:00:00Z"
    },
    "spec": {
      "network-name": "scale-nw-1",
      "interface-type": "lif",
      "interface": "lif2",
      "ipv4-address": "223.97.165.131/32",
      "mac-address": "4a:95:33:e2:95:f2",
      "useg-vlan": 7
    },
    "status": {}
  },
  {
    "kind": "Endpoint",
    "meta": {
      "name": "scale-ep-6",
      "tenant": "default",
      "namespace": "scale-vrf-1",
      "creation-time": "1970-01-01T00:00:00Z",
      "mod-time": "1970-01-01T00:00:00Z"
    },
    "spec": {
      "network-name": "scale-nw-1",
      "interface-type": "uplink",
      "interface": "uplink2",
      "ipv4-address": "223.97.165.132/32",
      "mac-address": "0a:e2:ee:df:6f:50",
      "node-uuid": "GWUUID",
      "useg-vlan": 8
    },
    "status": {}
  },
  {
    "kind": "Endpoint",
    "meta": {
      "name": "scale-ep-7",
      "tenant": "default",
      "namespace": "scale-vrf-1",
      "creation-time": "1970-01-01T00:00:00Z",
      "mod-time": "1970-01-01T00:00:00Z"
    },
    "spec": {
      "network-name": "scale-nw-1",
      "interface-type": "uplink",
      "interface": "uplink1",
      "ipv4-address": "223.97.165.133/32",
      "mac-address": "6e:87:64:0d:fb:73",
      "node-uuid": "GWUUID",
      "useg-vlan": 9
    },
    "status": {}
  },
  {
    "kind": "Endpoint",
    "meta": {
      "name": "scale-ep-8",
      "tenant": "default",
      "namespace": "scale-vrf-2",
      "creation-time": "1970-01-01T00:00:00Z",
      "mod-time": "1970-01-01T00:00:00Z"
    },
    "spec": {
      "network-name": "scale-nw-2",
      "interface-type": "lif",
      "interface": "lif1",
      "ipv4-address": "112.211.249.98/32",
      "mac-address": "4a:b7:47:e3:a8:b3",
      "useg-vlan": 10
    },
    "status": {}
  },
  {
    "kind": "Endpoint",
    "meta": {
      "name": "scale-ep-9",
      "tenant": "default",
      "namespace": "scale-vrf-2",
      "creation-time": "1970-01-01T00:00:00Z",
      "mod-time": "1970-01-01T00:00:00Z"
    },
    "spec": {
      "network-name": "scale-nw-2",
      "interface-type": "lif",
      "interface": "lif1",
      "ipv4-address": "112.211.249.99/32",
      "mac-address": "0a:c1:4c:1a:ff:af",
      "useg-vlan": 11
    },
    "status": {}
  },
  {
    "kind": "Endpoint",
    "meta": {
      "name": "scale-ep-10",
      "tenant": "default",
      "namespace": "scale-vrf-2",
      "creation-time": "1970-01-01T00:00:00Z",
      "mod-time": "1970-01-01T00:00:00Z"
    },
    "spec": {
      "network-name": "scale-nw-2",
      "interface-type": "uplink",
      "interface": "uplink2",
      "ipv4-address": "112.211.249.100/32",
      "mac-address": "0e:3d:80:db:70:38",
      "node-uuid": "GWUUID",
      "useg-vlan": 12
    },
    "status": {}
  },
  {
    "kind": "Endpoint",
    "meta": {
      "name": "scale-ep-11",
      "tenant": "default",
      "namespace": "scale-vrf-2",
      "creation-time": "1970-01-01T00:00:00Z",
      "mod-time": "1970-01-01T00:00:00Z"
    },
    "spec": {
      "network-name": "scale-nw-2",
      "interface-type": "uplink",
      "interface": "uplink1",
      "ipv4-address": "112.211.249.101/32",
      "mac-address": "12:e6:b1:2b:d0:d8",
      "node-uuid": "GWUUID",
      "useg-vlan": 13
    },
    "status": {}
  },
  {
    "kind": "Endpoint",
    "meta": {
      "name": "scale-ep-12",
      "tenant": "default",
      "namespace": "scale-vrf-3",
      "creation-time": "1970-01-01T00:00:00Z",
      "mod-time": "1970-01-01T00:00:00Z"
    },
    "spec": {
      "network-name": "scale-nw-3",
      "interface-type": "lif",
      "interface": "lif1",
      "ipv4-address": "4.121.175.18/32",
      "mac-address": "52:51:2f:fb:ec:fc",
      "useg-vlan": 14
    },
    "status": {}
  },
  {
    "kind": "Endpoint",
    "meta": {
      "name": "scale-ep-13",
      "tenant": "default",
      "namespace": "scale-vrf-3",
      "creation-time": "1970-01-01T00:00:00Z",
      "mod-time": "1970-01-01T00:00:00Z"
    },
    "spec": {
      "network-name": "scale-nw-3",
      "interface-type": "lif",
      "interface": "lif2",
      "ipv4-address": "4.121.175.19/32",
      "mac-address": "5a:53:ad:b0:e5:a5",
      "useg-vlan": 15
    },
    "status": {}
  },
  {
    "kind": "Endpoint",
    "meta": {
      "name": "scale-ep-14",
      "tenant": "default",
      "namespace": "scale-vrf-3",
      "creation-time": "1970-01-01T00:00:00Z",
      "mod-time": "1970-01-01T00:00:00Z"
    },
    "spec": {
      "network-name": "scale-nw-3",
      "interface-type": "uplink",
      "interface": "uplink2",
      "ipv4-address": "4.121.175.20/32",
      "mac-address": "2e:5f:a4:c2:de:af",
      "node-uuid": "GWUUID",
      "useg-vlan": 16
    },
    "status": {}
  },
  {
    "kind": "Endpoint",
    "meta": {
      "name": "scale-ep-15",
      "tenant": "default",
      "namespace": "scale-vrf-3",
      "creation-time": "1970-01-01T00:00:00Z",
      "mod-time": "1970-01-01T00:00:00Z"
    },
    "spec": {
      "network-name": "scale-nw-3",
      "interface-type": "uplink",
      "interface": "uplink1",
      "ipv4-address": "4.121.175.21/32",
      "mac-address": "0a:4a:44:62:42:bb",
      "node-uuid": "GWUUID",
      "useg-vlan": 17
    },
    "status": {}
  },
  {
    "kind": "Endpoint",
    "meta": {
      "name": "scale-ep-16",
      "tenant": "default",
      "namespace": "scale-vrf-0",
      "creation-time": "1970-01-01T00:00:00Z",
      "mod-time": "1970-01-01T00:00:00Z"
    },
    "spec": {
      "network-name": "scale-nw-4",
      "interface-type": "lif",
      "interface": "lif1",
      "ipv4-address": "170.22.196.82/32",
      "mac-address": "6a:18:c1:38:cf:58",
      "useg-vlan": 18
    },
    "status": {}
  },
  {
    "kind": "Endpoint",
    "meta": {
      "name": "scale-ep-17",
      "tenant": "default",
      "namespace": "scale-vrf-0",
      "creation-time": "1970-01-01T00:00:00Z",
      "mod-time": "1970-01-01T00:00:00Z"
    },
    "spec": {
      "network-name": "scale-nw-4",
      "interface-type": "lif",
      "interface": "lif1",
      "ipv4-address": "170.22.196.83/32",
      "mac-address": "2a:78:6b:55:b8:0e",
      "useg-vlan": 19
    },
    "status": {}
  },
  {
    "kind": "Endpoint",
    "meta": {
      "name": "scale-ep-18",
      "tenant": "default",
      "namespace": "scale-vrf-0",
      "creation-time": "1970-01-01T00:00:00Z",
      "mod-time": "1970-01-01T00:00:00Z"
    },
    "spec": {
      "network-name": "scale-nw-4",
      "interface-type": "uplink",
      "interface": "uplink2",
      "ipv4-address": "170.22.196.84/32",
      "mac-address": "32:38:00:2f:57:05",
      "node-uuid": "GWUUID",
      "useg-vlan": 20
    },
    "status": {}
  },
  {
    "kind": "Endpoint",
    "meta": {
      "name": "scale-ep-19",
      "tenant": "default",
      "namespace": "scale-vrf-0",
      "creation-time": "1970-01-01T00:00:00Z",
      "mod-time": "1970-01-01T00:00:00Z"
    },
    "spec": {
      "network-name": "scale-nw-4",
      "interface-type": "uplink",
      "interface": "uplink1",
      "ipv4-address": "170.22.196.85/32",
      "mac-address": "76:2a:cf:d2:0a:95",
      "node-uuid": "GWUUID",
      "useg-vlan": 21
    },
    "status": {}
  },
  {
    "kind": "Endpoint",
    "meta": {
      "name": "scale-ep-20",
      "tenant": "default",
      "namespace": "scale-vrf-1",
      "creation-time": "1970-01-01T00:00:00Z",
      "mod-time": "1970-01-01T00:00:00Z"
    },
    "spec": {
      "network-name": "scale-nw-5",
      "interface-type": "lif",
      "interface": "lif1",
      "ipv4-address": "16.45.218.226/32",
      "mac-address": "7e:c8:fc:6b:a3:51",
      "useg-vlan": 22
    },
    "status": {}
  },
  {
    "kind": "Endpoint",
    "meta": {
      "name": "scale-ep-21",
      "tenant": "default",
      "namespace": "scale-vrf-1",
      "creation-time": "1970-01-01T00:00:00Z",
      "mod-time": "1970-01-01T00:00:00Z"
    },
    "spec": {
      "network-name": "scale-nw-5",
      "interface-type": "lif",
      "interface": "lif2",
      "ipv4-address": "16.45.218.227/32",
      "mac-address": "3a:25:b4:63:5f:47",
      "useg-vlan": 23
    },
    "status": {}
  },
  {
    "kind": "Endpoint",
    "meta": {
      "name": "scale-ep-22",
      "tenant": "default",
      "namespace": "scale-vrf-1",
      "creation-time": "1970-01-01T00:00:00Z",
      "mod-time": "1970-01-01T00:00:00Z"
    },
    "spec": {
      "network-name": "scale-nw-5",
      "interface-type": "uplink",
      "interface": "uplink2",
      "ipv4-address": "16.45.218.228/32",
      "mac-address": "0a:e2:c4:1b:73:b8",
      "node-uuid": "GWUUID",
      "useg-vlan": 24
    },
    "status": {}
  },
  {
    "kind": "Endpoint",
    "meta": {
      "name": "scale-ep-23",
      "tenant": "default",
      "namespace": "scale-vrf-1",
      "creation-time": "1970-01-01T00:00:00Z",
      "mod-time": "1970-01-01T00:00:00Z"
    },
    "spec": {
      "network-name": "scale-nw-5",
      "interface-type": "uplink",
      "interface": "uplink1",
      "ipv4-address": "16.45.218.229/32",
      "mac-address": "5a:5d:ba:bc:f0:ec",
      "node-uuid": "GWUUID",
      "useg-vlan": 25
    },
    "status": {}
  },
  {
    "kind": "Endpoint",
    "meta": {
      "name": "scale-ep-24",
      "tenant": "default",
      "namespace": "scale-vrf-2",
      "creation-time": "1970-01-01T00:00:00Z",
      "mod-time": "1970-01-01T00:00:00Z"
    },
    "spec": {
      "network-name": "scale-nw-6",
      "interface-type": "lif",
      "interface": "lif1",
      "ipv4-address": "91.39.142.130/32",
      "mac-address": "3a:32:6d:2b:1f:89",
      "useg-vlan": 26
    },
    "status": {}
  },
  {
    "kind": "Endpoint",
    "meta": {
      "name": "scale-ep-25",
      "tenant": "default",
      "namespace": "scale-vrf-2",
      "creation-time": "1970-01-01T00:00:00Z",
      "mod-time": "1970-01-01T00:00:00Z"
    },
    "spec": {
      "network-name": "scale-nw-6",
      "interface-type": "lif",
      "interface": "lif1",
      "ipv4-address": "91.39.142.131/32",
      "mac-address": "6a:9a:27:8d:34:a6",
      "useg-vlan": 27
    },
    "status": {}
  },
  {
    "kind": "Endpoint",
    "meta": {
      "name": "scale-ep-26",
      "tenant": "default",
      "namespace": "scale-vrf-2",
      "creation-time": "1970-01-01T00:00:00Z",
      "mod-time": "1970-01-01T00:00:00Z"
    },
    "spec": {
      "network-name": "scale-nw-6",
      "interface-type": "uplink",
      "interface": "uplink2",
      "ipv4-address": "91.39.142.132/32",
      "mac-address": "0e:28:aa:10:1f:8d",
      "node-uuid": "GWUUID",
      "useg-vlan": 28
    },
    "status": {}
  },
  {
    "kind": "Endpoint",
    "meta": {
      "name": "scale-ep-27",
      "tenant": "default",
      "namespace": "scale-vrf-2",
      "creation-time": "1970-01-01T00:00:00Z",
      "mod-time": "1970-01-01T00:00:00Z"
    },
    "spec": {
      "network-name": "scale-nw-6",
      "interface-type": "uplink",
      "interface": "uplink1",
      "ipv4-address": "91.39.142.133/32",
      "mac-address": "72:7f:93:da:35:f1",
      "node-uuid": "GWUUID",
      "useg-vlan": 29
    },
    "status": {}
  },
  {
    "kind": "Endpoint",
    "meta": {
      "name": "scale-ep-28",
      "tenant": "default",
      "namespace": "scale-vrf-3",
      "creation-time": "1970-01-01T00:00:00Z",
      "mod-time": "1970-01-01T00:00:00Z"
    },
    "spec": {
      "network-name": "scale-nw-7",
      "interface-type": "lif",
      "interface": "lif1",
      "ipv4-address": "54.199.28.18/32",
      "mac-address": "32:89:8f:4e:05:5e",
      "useg-vlan": 30
    },
    "status": {}
  },
  {
    "kind": "Endpoint",
    "meta": {
      "name": "scale-ep-29",
      "tenant": "default",
      "namespace": "scale-vrf-3",
      "creation-time": "1970-01-01T00:00:00Z",
      "mod-time": "1970-01-01T00:00:00Z"
    },
    "spec": {
      "network-name": "scale-nw-7",
      "interface-type": "lif",
      "interface": "lif2",
      "ipv4-address": "54.199.28.19/32",
      "mac-address": "4a:ce:65:20:88:1a",
      "useg-vlan": 31
    },
    "status": {}
  },
  {
    "kind": "Endpoint",
    "meta": {
      "name": "scale-ep-30",
      "tenant": "default",
      "namespace": "scale-vrf-3",
      "creation-time": "1970-01-01T00:00:00Z",
      "mod-time": "1970-01-01T00:00:00Z"
    },
    "spec": {
      "network-name": "scale-nw-7",
      "interface-type": "uplink",
      "interface": "uplink2",
      "ipv4-address": "54.199.28.20/32",
      "mac-address": "62:6c:5a:a9:a0:70",
      "node-uuid": "GWUUID",
      "useg-vlan": 32
    },
    "status": {}
  },
  {
    "kind": "Endpoint",
    "meta": {
      "name": "scale-ep-31",
      "tenant": "default",
      "namespace": "scale-vrf-3",
      "creation-time": "1970-01-01T00:00:00Z",
      "mod-time": "1970-01-01T00:00:00Z"
    },
    "spec": {
      "network-name": "scale-nw-7",
      "interface-type": "uplink",
      "interface": "uplink1",
      "ipv4-address": "54.199.28.21/32",
      "mac-address": "6e:d3:46:56:f7:1b",
      "node-uuid": "GWUUID",
      "useg-vlan": 33
    },
    "status": {}
  }
]