[
  {
    "kind": "Endpoint",
    "meta": {
      "name": "infra-ep-0",
      "tenant": "default",
      "namespace": "infra",
      "generation-id": "",
      "creation-time": "1970-01-01T00:00:00Z",
      "mod-time": "1970-01-01T00:00:00Z"
    },
    "spec": {
      "network-name": "infra-nw",
      "interface-type": "uplink",
      "interface": "uplink128",
      "ipv4-address": "42.42.42.2/32",
      "mac-address": "5e:21:75:4b:6e:23",
      "node-uuid": "GWUUID",
      "useg-vlan": 1
    },
    "status": {}
  },
  {
    "kind": "Endpoint",
    "meta": {
      "name": "infra-ep-1",
      "tenant": "default",
      "namespace": "infra",
      "generation-id": "",
      "creation-time": "1970-01-01T00:00:00Z",
      "mod-time": "1970-01-01T00:00:00Z"
    },
    "spec": {
      "network-name": "infra-nw",
      "interface-type": "uplink",
      "interface": "uplink129",
      "ipv4-address": "42.42.42.3/32",
      "mac-address": "62:c3:42:eb:2b:cf",
      "node-uuid": "GWUUID",
      "useg-vlan": 2
    },
    "status": {}
  },
  {
    "kind": "Endpoint",
    "meta": {
      "name": "infra-ep-2",
      "tenant": "default",
      "namespace": "infra",
      "generation-id": "",
      "creation-time": "1970-01-01T00:00:00Z",
      "mod-time": "1970-01-01T00:00:00Z"
    },
    "spec": {
      "network-name": "infra-nw",
      "interface-type": "uplink",
      "interface": "uplink128",
      "ipv4-address": "42.42.42.4/32",
      "mac-address": "22:aa:f1:60:85:32",
      "node-uuid": "GWUUID",
      "useg-vlan": 3
    },
    "status": {}
  },
  {
    "kind": "Endpoint",
    "meta": {
      "name": "infra-ep-3",
      "tenant": "default",
      "namespace": "infra",
      "generation-id": "",
      "creation-time": "1970-01-01T00:00:00Z",
      "mod-time": "1970-01-01T00:00:00Z"
    },
    "spec": {
      "network-name": "infra-nw",
      "interface-type": "uplink",
      "interface": "uplink129",
      "ipv4-address": "42.42.42.5/32",
      "mac-address": "06:46:bf:e8:a6:ce",
      "node-uuid": "GWUUID",
      "useg-vlan": 4
    },
    "status": {}
  },
  {
    "kind": "Endpoint",
    "meta": {
      "name": "infra-ep-4",
      "tenant": "default",
      "namespace": "infra",
      "generation-id": "",
      "creation-time": "1970-01-01T00:00:00Z",
      "mod-time": "1970-01-01T00:00:00Z"
    },
    "spec": {
      "network-name": "infra-nw",
      "interface-type": "uplink",
      "interface": "uplink128",
      "ipv4-address": "42.42.42.6/32",
      "mac-address": "5a:2c:40:80:46:2b",
      "node-uuid": "GWUUID",
      "useg-vlan": 5
    },
    "status": {}
  },
  {
    "kind": "Endpoint",
    "meta": {
      "name": "infra-ep-5",
      "tenant": "default",
      "namespace": "infra",
      "generation-id": "",
      "creation-time": "1970-01-01T00:00:00Z",
      "mod-time": "1970-01-01T00:00:00Z"
    },
    "spec": {
      "network-name": "infra-nw",
      "interface-type": "uplink",
      "interface": "uplink129",
      "ipv4-address": "42.42.42.7/32",
      "mac-address": "4a:32:5d:88:0e:82",
      "node-uuid": "GWUUID",
      "useg-vlan": 6
    },
    "status": {}
  },
  {
    "kind": "Endpoint",
    "meta": {
      "name": "infra-ep-6",
      "tenant": "default",
      "namespace": "infra",
      "generation-id": "",
      "creation-time": "1970-01-01T00:00:00Z",
      "mod-time": "1970-01-01T00:00:00Z"
    },
    "spec": {
      "network-name": "infra-nw",
      "interface-type": "uplink",
      "interface": "uplink128",
      "ipv4-address": "42.42.42.8/32",
      "mac-address": "6a:d4:83:82:97:de",
      "node-uuid": "GWUUID",
      "useg-vlan": 7
    },
    "status": {}
  },
  {
    "kind": "Endpoint",
    "meta": {
      "name": "infra-ep-7",
      "tenant": "default",
      "namespace": "infra",
      "generation-id": "",
      "creation-time": "1970-01-01T00:00:00Z",
      "mod-time": "1970-01-01T00:00:00Z"
    },
    "spec": {
      "network-name": "infra-nw",
      "interface-type": "uplink",
      "interface": "uplink129",
      "ipv4-address": "42.42.42.9/32",
      "mac-address": "46:94:20:6c:f9:36",
      "node-uuid": "GWUUID",
      "useg-vlan": 8
    },
    "status": {}
  },
  {
    "kind": "Endpoint",
    "meta": {
      "name": "scale-ep-0",
      "tenant": "default",
      "namespace": "scale-vrf-0",
      "generation-id": "",
      "creation-time": "1970-01-01T00:00:00Z",
      "mod-time": "1970-01-01T00:00:00Z"
    },
    "spec": {
      "network-name": "scale-nw-0",
      "interface-type": "uplink",
      "interface": "uplink128",
      "ipv4-address": "177.75.132.4/32",
      "mac-address": "06:c3:32:b7:e6:da",
      "node-uuid": "GWUUID",
      "useg-vlan": 1
    },
    "status": {}
  },
  {
    "kind": "Endpoint",
    "meta": {
      "name": "scale-ep-1",
      "tenant": "default",
      "namespace": "scale-vrf-1",
      "generation-id": "",
      "creation-time": "1970-01-01T00:00:00Z",
      "mod-time": "1970-01-01T00:00:00Z"
    },
    "spec": {
      "network-name": "scale-nw-1",
      "interface-type": "uplink",
      "interface": "uplink128",
      "ipv4-address": "223.97.165.2/32",
      "mac-address": "66:fc:b4:a7:4f:8b",
      "node-uuid": "GWUUID",
      "useg-vlan": 2
    },
    "status": {}
  },
  {
    "kind": "Endpoint",
    "meta": {
      "name": "scale-ep-2",
      "tenant": "default",
      "namespace": "scale-vrf-2",
      "generation-id": "",
      "creation-time": "1970-01-01T00:00:00Z",
      "mod-time": "1970-01-01T00:00:00Z"
    },
    "spec": {
      "network-name": "scale-nw-2",
      "interface-type": "uplink",
      "interface": "uplink128",
      "ipv4-address": "112.211.249.4/32",
      "mac-address": "26:17:60:a8:9c:e0",
      "node-uuid": "GWUUID",
      "useg-vlan": 3
    },
    "status": {}
  },
  {
    "kind": "Endpoint",
    "meta": {
      "name": "scale-ep-3",
      "tenant": "default",
      "namespace": "scale-vrf-3",
      "generation-id": "",
      "creation-time": "1970-01-01T00:00:00Z",
      "mod-time": "1970-01-01T00:00:00Z"
    },
    "spec": {
      "network-name": "scale-nw-3",
      "interface-type": "uplink",
      "interface": "uplink128",
      "ipv4-address": "4.121.175.2/32",
      "mac-address": "16:9a:c3:b0:b8:86",
      "node-uuid": "GWUUID",
      "useg-vlan": 4
    },
    "status": {}
  },
  {
    "kind": "Endpoint",
    "meta": {
      "name": "scale-ep-4",
      "tenant": "default",
      "namespace": "scale-vrf-0",
      "generation-id": "",
      "creation-time": "1970-01-01T00:00:00Z",
      "mod-time": "1970-01-01T00:00:00Z"
    },
    "spec": {
      "network-name": "scale-nw-4",
      "interface-type": "uplink",
      "interface": "uplink128",
      "ipv4-address": "170.22.196.2/32",
      "mac-address": "7a:19:12:b5:b3:d2",
      "node-uuid": "GWUUID",
      "useg-vlan": 5
    },
    "status": {}
  },
  {
    "kind": "Endpoint",
    "meta": {
      "name": "scale-ep-5",
      "tenant": "default",
      "namespace": "scale-vrf-1",
      "generation-id": "",
      "creation-time": "1970-01-01T00:00:00Z",
      "mod-time": "1970-01-01T00:00:00Z"
    },
    "spec": {
      "network-name": "scale-nw-5",
      "interface-type": "uplink",
      "interface": "uplink128",
      "ipv4-address": "16.45.218.2/32",
      "mac-address": "66:8d:44:bf:3a:53",
      "node-uuid": "GWUUID",
      "useg-vlan": 6
    },
    "status": {}
  },
  {
    "kind": "Endpoint",
    "meta": {
      "name": "scale-ep-6",
      "tenant": "default",
      "namespace": "scale-vrf-2",
      "generation-id": "",
      "creation-time": "1970-01-01T00:00:00Z",
      "mod-time": "1970-01-01T00:00:00Z"
    },
    "spec": {
      "network-name": "scale-nw-6",
      "interface-type": "uplink",
      "interface": "uplink128",
      "ipv4-address": "91.39.142.2/32",
      "mac-address": "46:33:75:60:32:9d",
      "node-uuid": "GWUUID",
      "useg-vlan": 7
    },
    "status": {}
  },
  {
    "kind": "Endpoint",
    "meta": {
      "name": "scale-ep-7",
      "tenant": "default",
      "namespace": "scale-vrf-3",
      "generation-id": "",
      "creation-time": "1970-01-01T00:00:00Z",
      "mod-time": "1970-01-01T00:00:00Z"
    },
    "spec": {
      "network-name": "scale-nw-7",
      "interface-type": "uplink",
      "interface": "uplink128",
      "ipv4-address": "54.199.28.2/32",
      "mac-address": "1e:f0:1c:cc:c8:14",
      "node-uuid": "GWUUID",
      "useg-vlan": 8
    },
    "status": {}
  },
  {
    "kind": "Endpoint",
    "meta": {
      "name": "scale-ep-8",
      "tenant": "default",
      "namespace": "scale-vrf-0",
      "generation-id": "",
      "creation-time": "1970-01-01T00:00:00Z",
      "mod-time": "1970-01-01T00:00:00Z"
    },
    "spec": {
      "network-name": "scale-nw-0",
      "interface-type": "uplink",
      "interface": "uplink129",
      "ipv4-address": "177.75.132.5/32",
      "mac-address": "3a:13:5a:76:42:23",
      "node-uuid": "GWUUID",
      "useg-vlan": 9
    },
    "status": {}
  },
  {
    "kind": "Endpoint",
    "meta": {
      "name": "scale-ep-9",
      "tenant": "default",
      "namespace": "scale-vrf-1",
      "generation-id": "",
      "creation-time": "1970-01-01T00:00:00Z",
      "mod-time": "1970-01-01T00:00:00Z"
    },
    "spec": {
      "network-name": "scale-nw-1",
      "interface-type": "uplink",
      "interface": "uplink129",
      "ipv4-address": "223.97.165.3/32",
      "mac-address": "26:7b:39:69:b1:bc",
      "node-uuid": "GWUUID",
      "useg-vlan": 10
    },
    "status": {}
  },
  {
    "kind": "Endpoint",
    "meta": {
      "name": "scale-ep-10",
      "tenant": "default",
      "namespace": "scale-vrf-2",
      "generation-id": "",
      "creation-time": "1970-01-01T00:00:00Z",
      "mod-time": "1970-01-01T00:00:00Z"
    },
    "spec": {
      "network-name": "scale-nw-2",
      "interface-type": "uplink",
      "interface": "uplink129",
      "ipv4-address": "112.211.249.5/32",
      "mac-address": "52:a4:dc:a0:29:5e",
      "node-uuid": "GWUUID",
      "useg-vlan": 11
    },
    "status": {}
  },
  {
    "kind": "Endpoint",
    "meta": {
      "name": "scale-ep-11",
      "tenant": "default",
      "namespace": "scale-vrf-3",
      "generation-id": "",
      "creation-time": "1970-01-01T00:00:00Z",
      "mod-time": "1970-01-01T00:00:00Z"
    },
    "spec": {
      "network-name": "scale-nw-3",
      "interface-type": "uplink",
      "interface": "uplink129",
      "ipv4-address": "4.121.175.3/32",
      "mac-address": "22:24:e4:5f:eb:4d",
      "node-uuid": "GWUUID",
      "useg-vlan": 12
    },
    "status": {}
  },
  {
    "kind": "Endpoint",
    "meta": {
      "name": "scale-ep-12",
      "tenant": "default",
      "namespace": "scale-vrf-0",
      "generation-id": "",
      "creation-time": "1970-01-01T00:00:00Z",
      "mod-time": "1970-01-01T00:00:00Z"
    },
    "spec": {
      "network-name": "scale-nw-4",
      "interface-type": "uplink",
      "interface": "uplink129",
      "ipv4-address": "170.22.196.3/32",
      "mac-address": "76:f5:91:08:21:ac",
      "node-uuid": "GWUUID",
      "useg-vlan": 13
    },
    "status": {}
  },
  {
    "kind": "Endpoint",
    "meta": {
      "name": "scale-ep-13",
      "tenant": "default",
      "namespace": "scale-vrf-1",
      "generation-id": "",
      "creation-time": "1970-01-01T00:00:00Z",
      "mod-time": "1970-01-01T00:00:00Z"
    },
    "spec": {
      "network-name": "scale-nw-5",
      "interface-type": "uplink",
      "interface": "uplink129",
      "ipv4-address": "16.45.218.3/32",
      "mac-address": "56:aa:b8:a2:2a:29",
      "node-uuid": "GWUUID",
      "useg-vlan": 14
    },
    "status": {}
  },
  {
    "kind": "Endpoint",
    "meta": {
      "name": "scale-ep-14",
      "tenant": "default",
      "namespace": "scale-vrf-2",
      "generation-id": "",
      "creation-time": "1970-01-01T00:00:00Z",
      "mod-time": "1970-01-01T00:00:00Z"
    },
    "spec": {
      "network-name": "scale-nw-6",
      "interface-type": "uplink",
      "interface": "uplink129",
      "ipv4-address": "91.39.142.3/32",
      "mac-address": "16:73:33:b3:cd:61",
      "node-uuid": "GWUUID",
      "useg-vlan": 15
    },
    "status": {}
  },
  {
    "kind": "Endpoint",
    "meta": {
      "name": "scale-ep-15",
      "tenant": "default",
      "namespace": "scale-vrf-3",
      "generation-id": "",
      "creation-time": "1970-01-01T00:00:00Z",
      "mod-time": "1970-01-01T00:00:00Z"
    },
    "spec": {
      "network-name": "scale-nw-7",
      "interface-type": "uplink",
      "interface": "uplink129",
      "ipv4-address": "54.199.28.3/32",
      "mac-address": "5e:c0:98:a0:27:2c",
      "node-uuid": "GWUUID",
      "useg-vlan": 16
    },
    "status": {}
  },
  {
    "kind": "Endpoint",
    "meta": {
      "name": "scale-ep-16",
      "tenant": "default",
      "namespace": "scale-vrf-0",
      "generation-id": "",
      "creation-time": "1970-01-01T00:00:00Z",
      "mod-time": "1970-01-01T00:00:00Z"
    },
    "spec": {
      "network-name": "scale-nw-0",
      "interface-type": "lif",
      "interface": "lif100",
      "ipv4-address": "177.75.132.2/32",
      "mac-address": "46:46:a6:4d:ed:e3",
      "useg-vlan": 17
    },
    "status": {}
  },
  {
    "kind": "Endpoint",
    "meta": {
      "name": "scale-ep-17",
      "tenant": "default",
      "namespace": "scale-vrf-1",
      "generation-id": "",
      "creation-time": "1970-01-01T00:00:00Z",
      "mod-time": "1970-01-01T00:00:00Z"
    },
    "spec": {
      "network-name": "scale-nw-1",
      "interface-type": "lif",
      "interface": "lif100",
      "ipv4-address": "223.97.165.4/32",
      "mac-address": "26:2c:4e:87:8f:66",
      "useg-vlan": 18
    },
    "status": {}
  },
  {
    "kind": "Endpoint",
    "meta": {
      "name": "scale-ep-18",
      "tenant": "default",
      "namespace": "scale-vrf-2",
      "generation-id": "",
      "creation-time": "1970-01-01T00:00:00Z",
      "mod-time": "1970-01-01T00:00:00Z"
    },
    "spec": {
      "network-name": "scale-nw-2",
      "interface-type": "lif",
      "interface": "lif100",
      "ipv4-address": "112.211.249.2/32",
      "mac-address": "16:ed:75:1a:fa:ba",
      "useg-vlan": 19
    },
    "status": {}
  },
  {
    "kind": "Endpoint",
    "meta": {
      "name": "scale-ep-19",
      "tenant": "default",
      "namespace": "scale-vrf-3",
      "generation-id": "",
      "creation-time": "1970-01-01T00:00:00Z",
      "mod-time": "1970-01-01T00:00:00Z"
    },
    "spec": {
      "network-name": "scale-nw-3",
      "interface-type": "lif",
      "interface": "lif100",
      "ipv4-address": "4.121.175.4/32",
      "mac-address": "4a:f4:3f:30:48:17",
      "useg-vlan": 20
    },
    "status": {}
  },
  {
    "kind": "Endpoint",
    "meta": {
      "name": "scale-ep-20",
      "tenant": "default",
      "namespace": "scale-vrf-0",
      "generation-id": "",
      "creation-time": "1970-01-01T00:00:00Z",
      "mod-time": "1970-01-01T00:00:00Z"
    },
    "spec": {
      "network-name": "scale-nw-4",
      "interface-type": "lif",
      "interface": "lif100",
      "ipv4-address": "170.22.196.4/32",
      "mac-address": "72:ed:48:1c:e1:23",
      "useg-vlan": 21
    },
    "status": {}
  },
  {
    "kind": "Endpoint",
    "meta": {
      "name": "scale-ep-21",
      "tenant": "default",
      "namespace": "scale-vrf-1",
      "generation-id": "",
      "creation-time": "1970-01-01T00:00:00Z",
      "mod-time": "1970-01-01T00:00:00Z"
    },
    "spec": {
      "network-name": "scale-nw-5",
      "interface-type": "lif",
      "interface": "lif100",
      "ipv4-address": "16.45.218.4/32",
      "mac-address": "6e:f2:76:5f:68:9d",
      "useg-vlan": 22
    },
    "status": {}
  },
  {
    "kind": "Endpoint",
    "meta": {
      "name": "scale-ep-22",
      "tenant": "default",
      "namespace": "scale-vrf-2",
      "generation-id": "",
      "creation-time": "1970-01-01T00:00:00Z",
      "mod-time": "1970-01-01T00:00:00Z"
    },
    "spec": {
      "network-name": "scale-nw-6",
      "interface-type": "lif",
      "interface": "lif100",
      "ipv4-address": "91.39.142.4/32",
      "mac-address": "22:5d:0e:de:64:bc",
      "useg-vlan": 23
    },
    "status": {}
  },
  {
    "kind": "Endpoint",
    "meta": {
      "name": "scale-ep-23",
      "tenant": "default",
      "namespace": "scale-vrf-3",
      "generation-id": "",
      "creation-time": "1970-01-01T00:00:00Z",
      "mod-time": "1970-01-01T00:00:00Z"
    },
    "spec": {
      "network-name": "scale-nw-7",
      "interface-type": "lif",
      "interface": "lif100",
      "ipv4-address": "54.199.28.4/32",
      "mac-address": "5a:6c:c2:d3:2a:4b",
      "useg-vlan": 24
    },
    "status": {}
  },
  {
    "kind": "Endpoint",
    "meta": {
      "name": "scale-ep-24",
      "tenant": "default",
      "namespace": "scale-vrf-0",
      "generation-id": "",
      "creation-time": "1970-01-01T00:00:00Z",
      "mod-time": "1970-01-01T00:00:00Z"
    },
    "spec": {
      "network-name": "scale-nw-0",
      "interface-type": "lif",
      "interface": "lif100",
      "ipv4-address": "177.75.132.3/32",
      "mac-address": "3a:02:9d:92:0e:9e",
      "useg-vlan": 25
    },
    "status": {}
  },
  {
    "kind": "Endpoint",
    "meta": {
      "name": "scale-ep-25",
      "tenant": "default",
      "namespace": "scale-vrf-1",
      "generation-id": "",
      "creation-time": "1970-01-01T00:00:00Z",
      "mod-time": "1970-01-01T00:00:00Z"
    },
    "spec": {
      "network-name": "scale-nw-1",
      "interface-type": "lif",
      "interface": "lif100",
      "ipv4-address": "223.97.165.5/32",
      "mac-address": "72:f6:60:f7:2d:e5",
      "useg-vlan": 26
    },
    "status": {}
  },
  {
    "kind": "Endpoint",
    "meta": {
      "name": "scale-ep-26",
      "tenant": "default",
      "namespace": "scale-vrf-2",
      "generation-id": "",
      "creation-time": "1970-01-01T00:00:00Z",
      "mod-time": "1970-01-01T00:00:00Z"
    },
    "spec": {
      "network-name": "scale-nw-2",
      "interface-type": "lif",
      "interface": "lif100",
      "ipv4-address": "112.211.249.3/32",
      "mac-address": "06:01:6e:0a:ef:e7",
      "useg-vlan": 27
    },
    "status": {}
  },
  {
    "kind": "Endpoint",
    "meta": {
      "name": "scale-ep-27",
      "tenant": "default",
      "namespace": "scale-vrf-3",
      "generation-id": "",
      "creation-time": "1970-01-01T00:00:00Z",
      "mod-time": "1970-01-01T00:00:00Z"
    },
    "spec": {
      "network-name": "scale-nw-3",
      "interface-type": "lif",
      "interface": "lif100",
      "ipv4-address": "4.121.175.5/32",
      "mac-address": "46:3b:13:70:d5:a0",
      "useg-vlan": 28
    },
    "status": {}
  },
  {
    "kind": "Endpoint",
    "meta": {
      "name": "scale-ep-28",
      "tenant": "default",
      "namespace": "scale-vrf-0",
      "generation-id": "",
      "creation-time": "1970-01-01T00:00:00Z",
      "mod-time": "1970-01-01T00:00:00Z"
    },
    "spec": {
      "network-name": "scale-nw-4",
      "interface-type": "lif",
      "interface": "lif100",
      "ipv4-address": "170.22.196.5/32",
      "mac-address": "3a:64:4a:f5:f5:71",
      "useg-vlan": 29
    },
    "status": {}
  },
  {
    "kind": "Endpoint",
    "meta": {
      "name": "scale-ep-29",
      "tenant": "default",
      "namespace": "scale-vrf-1",
      "generation-id": "",
      "creation-time": "1970-01-01T00:00:00Z",
      "mod-time": "1970-01-01T00:00:00Z"
    },
    "spec": {
      "network-name": "scale-nw-5",
      "interface-type": "lif",
      "interface": "lif100",
      "ipv4-address": "16.45.218.5/32",
      "mac-address": "0e:9b:42:d8:3f:51",
      "useg-vlan": 30
    },
    "status": {}
  },
  {
    "kind": "Endpoint",
    "meta": {
      "name": "scale-ep-30",
      "tenant": "default",
      "namespace": "scale-vrf-2",
      "generation-id": "",
      "creation-time": "1970-01-01T00:00:00Z",
      "mod-time": "1970-01-01T00:00:00Z"
    },
    "spec": {
      "network-name": "scale-nw-6",
      "interface-type": "lif",
      "interface": "lif100",
      "ipv4-address": "91.39.142.5/32",
      "mac-address": "3e:83:2a:9f:ba:e1",
      "useg-vlan": 31
    },
    "status": {}
  },
  {
    "kind": "Endpoint",
    "meta": {
      "name": "scale-ep-31",
      "tenant": "default",
      "namespace": "scale-vrf-3",
      "generation-id": "",
      "creation-time": "1970-01-01T00:00:00Z",
      "mod-time": "1970-01-01T00:00:00Z"
    },
    "spec": {
      "network-name": "scale-nw-7",
      "interface-type": "lif",
      "interface": "lif100",
      "ipv4-address": "54.199.28.5/32",
      "mac-address": "6e:e8:1f:66:b3:72",
      "useg-vlan": 32
    },
    "status": {}
  }
]
