[
  {
    "kind": "FlowExportPolicy",
    "meta": {
      "name": "scale-flow-export-ipfix-0",
      "tenant": "default",
      "namespace": "scale-vrf-0",
      "generation-id": "",
      "creation-time": "1970-01-01T00:00:00Z",
      "mod-time": "1970-01-01T00:00:00Z"
    },
    "spec": {
      "targets": [
        {
          "interval": "15s",
          "format": "IPFIX",
          "exports": [
            {
              "destination": "10.5.7.3",
              "transport": "UDP/2055"
            }
          ]
        }
      ]
    },
    "status": {}
  },
  {
    "kind": "FlowExportPolicy",
    "meta": {
      "name": "scale-flow-export-ipfix-1",
      "tenant": "default",
      "namespace": "scale-vrf-1",
      "generation-id": "",
      "creation-time": "1970-01-01T00:00:00Z",
      "mod-time": "1970-01-01T00:00:00Z"
    },
    "spec": {
      "targets": [
        {
          "interval": "15s",
          "format": "IPFIX",
          "exports": [
            {
              "destination": "10.0.3.3",
              "transport": "UDP/2055"
            }
          ]
        }
      ]
    },
    "status": {}
  },
  {
    "kind": "FlowExportPolicy",
    "meta": {
      "name": "scale-flow-export-ipfix-2",
      "tenant": "default",
      "namespace": "scale-vrf-2",
      "generation-id": "",
      "creation-time": "1970-01-01T00:00:00Z",
      "mod-time": "1970-01-01T00:00:00Z"
    },
    "spec": {
      "targets": [
        {
          "interval": "15s",
          "format": "IPFIX",
          "exports": [
            {
              "destination": "10.7.6.3",
              "transport": "UDP/2055"
            }
          ]
        }
      ]
    },
    "status": {}
  },
  {
    "kind": "FlowExportPolicy",
    "meta": {
      "name": "scale-flow-export-ipfix-3",
      "tenant": "default",
      "namespace": "scale-vrf-3",
      "generation-id": "",
      "creation-time": "1970-01-01T00:00:00Z",
      "mod-time": "1970-01-01T00:00:00Z"
    },
    "spec": {
      "targets": [
        {
          "interval": "15s",
          "format": "IPFIX",
          "exports": [
            {
              "destination": "10.3.9.3",
              "transport": "UDP/2055"
            }
          ]
        }
      ]
    },
    "status": {}
  },
  {
    "kind": "FlowExportPolicy",
    "meta": {
      "name": "scale-flow-export-ipfix-4",
      "tenant": "default",
      "namespace": "scale-vrf-0",
      "generation-id": "",
      "creation-time": "1970-01-01T00:00:00Z",
      "mod-time": "1970-01-01T00:00:00Z"
    },
    "spec": {
      "targets": [
        {
          "interval": "15s",
          "format": "IPFIX",
          "exports": [
            {
              "destination": "10.5.8.3",
              "transport": "UDP/2055"
            }
          ]
        }
      ]
    },
    "status": {}
  },
  {
    "kind": "FlowExportPolicy",
    "meta": {
      "name": "scale-flow-export-ipfix-5",
      "tenant": "default",
      "namespace": "scale-vrf-1",
      "generation-id": "",
      "creation-time": "1970-01-01T00:00:00Z",
      "mod-time": "1970-01-01T00:00:00Z"
    },
    "spec": {
      "targets": [
        {
          "interval": "15s",
          "format": "IPFIX",
          "exports": [
            {
              "destination": "10.3.2.3",
              "transport": "UDP/2055"
            }
          ]
        }
      ]
    },
    "status": {}
  },
  {
    "kind": "FlowExportPolicy",
    "meta": {
      "name": "scale-flow-export-ipfix-6",
      "tenant": "default",
      "namespace": "scale-vrf-2",
      "generation-id": "",
      "creation-time": "1970-01-01T00:00:00Z",
      "mod-time": "1970-01-01T00:00:00Z"
    },
    "spec": {
      "targets": [
        {
          "interval": "15s",
          "format": "IPFIX",
          "exports": [
            {
              "destination": "10.5.4.3",
              "transport": "UDP/2055"
            }
          ]
        }
      ]
    },
    "status": {}
  },
  {
    "kind": "FlowExportPolicy",
    "meta": {
      "name": "scale-flow-export-ipfix-7",
      "tenant": "default",
      "namespace": "scale-vrf-3",
      "generation-id": "",
      "creation-time": "1970-01-01T00:00:00Z",
      "mod-time": "1970-01-01T00:00:00Z"
    },
    "spec": {
      "targets": [
        {
          "interval": "15s",
          "format": "IPFIX",
          "exports": [
            {
              "destination": "10.4.4.3",
              "transport": "UDP/2055"
            }
          ]
        }
      ]
    },
    "status": {}
  }
]