[
  {
    "kind": "IPSecPolicy",
    "meta": {
      "name": "ipsec-encrypt-rules",
      "tenant": "default",
      "namespace": "scale-vrf-0",
      "creation-time": "1970-01-01T00:00:00Z",
      "mod-time": "1970-01-01T00:00:00Z"
    },
    "spec": {
      "attach-tenant": true,
      "rules": [
        {
          "source": {
            "addresses": [
              "64.0.0.0 - 64.255.255.255"
            ]
          },
          "sa-name": "ipsec-encrypt-sa",
          "sa-type": "ENCRYPT"
        }
      ]
    },
    "status": {}
  },
  {
    "kind": "IPSecPolicy",
    "meta": {
      "name": "ipsec-decrypt-rules",
      "tenant": "default",
      "namespace": "scale-vrf-0",
      "creation-time": "1970-01-01T00:00:00Z",
      "mod-time": "1970-01-01T00:00:00Z"
    },
    "spec": {
      "attach-tenant": true,
      "rules": [
        {
          "source": {
            "addresses": [
              "64.0.0.1"
            ]
          },
          "destination": {
            "addresses": [
              "64.0.0.2"
            ]
          },
          "sa-name": "ipsec-decrypt-sa",
          "sa-type": "DECRYPT",
          "spi": 1
        }
      ]
    },
    "status": {}
  }
]
