[
  {
    "kind": "IPSecSAEncrypt",
    "meta": {
      "name": "ipsec-encrypt-sa1",
      "tenant": "default",
      "namespace": "default",
      "creation-time": "1970-01-01T00:00:00Z",
      "mod-time": "1970-01-01T00:00:00Z"
    },
    "spec": {
      "vrf-name": "scale-vrf-0",
      "attach-tenant": true,
      "protocol": "ESP",
      "authentication-algorithm": "AES_GCM",
      "authentication-key": "AAAAAAAAAAAAAAAAAAAAAAAAAAAAAAAAAAAAAAAAAAAAAAAAAAAAAAAAAAAAAAAA",
      "encryption-algorithm": "AES_GCM_256",
      "encryption-key": "AAAAAAAAAAAAAAAAAAAAAAAAAAAAAAAAAAAAAAAAAAAAAAAAAAAAAAAAAAAAAAAA",
      "local-gateway-ip": "10.7.6.4",
      "remote-gateway-ip": "10.7.6.3",
      "spi": 1,
      "tep-vrf": "scale-vrf-2"
    },
    "status": {}
  },
  {
    "kind": "IPSecSAEncrypt",
    "meta": {
      "name": "ipsec-encrypt-sa2",
      "tenant": "default",
      "namespace": "default",
      "creation-time": "1970-01-01T00:00:00Z",
      "mod-time": "1970-01-01T00:00:00Z"
    },
    "spec": {
      "vrf-name": "scale-vrf-0",
      "attach-tenant": true,
      "protocol": "ESP",
      "authentication-algorithm": "AES_GCM",
      "authentication-key": "BBBBBBBBBBBBBBBBBBBBBBBBBBBBBBBBBBBBBBBBBBBBBBBBBBBBBBBBBBBBBBBB",
      "encryption-algorithm": "AES_GCM_256",
      "encryption-key": "BBBBBBBBBBBBBBBBBBBBBBBBBBBBBBBBBBBBBBBBBBBBBBBBBBBBBBBBBBBBBBBB",
      "local-gateway-ip": "10.7.6.4",
      "remote-gateway-ip": "10.7.6.3",
      "spi": 2,
      "tep-vrf": "scale-vrf-2"
    },
    "status": {}
  },
  {
    "kind": "IPSecSAEncrypt",
    "meta": {
      "name": "ipsec-encrypt-sa3",
      "tenant": "default",
      "namespace": "default",
      "creation-time": "1970-01-01T00:00:00Z",
      "mod-time": "1970-01-01T00:00:00Z"
    },
    "spec": {
      "vrf-name": "scale-vrf-0",
      "attach-tenant": true,
      "protocol": "ESP",
      "authentication-algorithm": "AES_GCM",
      "authentication-key": "CCCCCCCCCCCCCCCCCCCCCCCCCCCCCCCCCCCCCCCCCCCCCCCCCCCCCCCCCCCCCCCC",
      "encryption-algorithm": "AES_GCM_256",
      "encryption-key": "CCCCCCCCCCCCCCCCCCCCCCCCCCCCCCCCCCCCCCCCCCCCCCCCCCCCCCCCCCCCCCCC",
      "local-gateway-ip": "10.7.6.4",
      "remote-gateway-ip": "10.7.6.3",
      "spi": 3,
      "tep-vrf": "scale-vrf-2"
    },
    "status": {}
  },
  {
    "kind": "IPSecSAEncrypt",
    "meta": {
      "name": "ipsec-encrypt-sa4",
      "tenant": "default",
      "namespace": "default",
      "creation-time": "1970-01-01T00:00:00Z",
      "mod-time": "1970-01-01T00:00:00Z"
    },
    "spec": {
      "vrf-name": "scale-vrf-0",
      "attach-tenant": true,
      "protocol": "ESP",
      "authentication-algorithm": "AES_GCM",
      "authentication-key": "DDDDDDDDDDDDDDDDDDDDDDDDDDDDDDDDDDDDDDDDDDDDDDDDDDDDDDDDDDDDDDDD",
      "encryption-algorithm": "AES_GCM_256",
      "encryption-key": "DDDDDDDDDDDDDDDDDDDDDDDDDDDDDDDDDDDDDDDDDDDDDDDDDDDDDDDDDDDDDDDD",
      "local-gateway-ip": "10.7.6.4",
      "remote-gateway-ip": "10.7.6.2",
      "spi": 4,
      "tep-vrf": "scale-vrf-2"
    },
    "status": {}
  }
]
