[
  {
    "kind": "IPSecSADecrypt",
    "meta": {
      "name": "ipsec-decrypt-sa1",
      "tenant": "default",
      "namespace": "default",
      "creation-time": "1970-01-01T00:00:00Z",
      "mod-time": "1970-01-01T00:00:00Z"
    },
    "spec": {
      "vrf-name": "scale-vrf-2",
      "attach-tenant": true,
      "protocol": "ESP",
      "authentication-algorithm": "AES_GCM",
      "authentication-key": "AAAAAAAAAAAAAAAAAAAAAAAAAAAAAAAA",
      "decryption-algorithm": "AES_GCM_256",
      "decryption-key": "AAAAAAAAAAAAAAAAAAAAAAAAAAAAAAAA",
      "spi": 1,
      "tep-vrf": "scale-vrf-0"
    },
    "status": {}
  },
  {
    "kind": "IPSecSADecrypt",
    "meta": {
      "name": "ipsec-decrypt-sa2",
      "tenant": "default",
      "namespace": "default",
      "creation-time": "1970-01-01T00:00:00Z",
      "mod-time": "1970-01-01T00:00:00Z"
    },
    "spec": {
      "vrf-name": "scale-vrf-2",
      "attach-tenant": true,
      "protocol": "ESP",
      "authentication-algorithm": "AES_GCM",
      "authentication-key": "BBBBBBBBBBBBBBBBBBBBBBBBBBBBBBBB",
      "decryption-algorithm": "AES_GCM_256",
      "decryption-key": "BBBBBBBBBBBBBBBBBBBBBBBBBBBBBBBB",
      "spi": 2,
      "tep-vrf": "scale-vrf-0"
    },
    "status": {}
  },
  {
    "kind": "IPSecSADecrypt",
    "meta": {
      "name": "ipsec-decrypt-sa3",
      "tenant": "default",
      "namespace": "default",
      "creation-time": "1970-01-01T00:00:00Z",
      "mod-time": "1970-01-01T00:00:00Z"
    },
    "spec": {
      "vrf-name": "scale-vrf-2",
      "attach-tenant": true,
      "protocol": "ESP",
      "authentication-algorithm": "AES_GCM",
      "authentication-key": "CCCCCCCCCCCCCCCCCCCCCCCCCCCCCCCC",
      "decryption-algorithm": "AES_GCM_256",
      "decryption-key": "CCCCCCCCCCCCCCCCCCCCCCCCCCCCCCCC",
      "spi": 3,
      "tep-vrf": "scale-vrf-0"
    },
    "status": {}
  },
  {
    "kind": "IPSecSADecrypt",
    "meta": {
      "name": "ipsec-decrypt-sa4",
      "tenant": "default",
      "namespace": "default",
      "creation-time": "1970-01-01T00:00:00Z",
      "mod-time": "1970-01-01T00:00:00Z"
    },
    "spec": {
      "vrf-name": "scale-vrf-2",
      "attach-tenant": true,
      "protocol": "ESP",
      "authentication-algorithm": "AES_GCM",
      "authentication-key": "DDDDDDDDDDDDDDDDDDDDDDDDDDDDDDDD",
      "decryption-algorithm": "AES_GCM_256",
      "decryption-key": "DDDDDDDDDDDDDDDDDDDDDDDDDDDDDDDD",
      "spi": 4,
      "tep-vrf": "scale-vrf-0"
    },
    "status": {}
  },
  {
    "kind": "IPSecSADecrypt",
    "meta": {
      "name": "ipsec-decrypt-sa5",
      "tenant": "default",
      "namespace": "default",
      "creation-time": "1970-01-01T00:00:00Z",
      "mod-time": "1970-01-01T00:00:00Z"
    },
    "spec": {
      "vrf-name": "scale-vrf-2",
      "attach-tenant": true,
      "protocol": "ESP",
      "authentication-algorithm": "AES_GCM",
      "authentication-key": "EEEEEEEEEEEEEEEEEEEEEEEEEEEEEEEE",
      "decryption-algorithm": "AES_GCM_256",
      "decryption-key": "EEEEEEEEEEEEEEEEEEEEEEEEEEEEEEEE",
      "spi": 5,
      "tep-vrf": "scale-vrf-0"
    },
    "status": {}
  },
  {
    "kind": "IPSecSADecrypt",
    "meta": {
      "name": "ipsec-decrypt-sa6",
      "tenant": "default",
      "namespace": "default",
      "creation-time": "1970-01-01T00:00:00Z",
      "mod-time": "1970-01-01T00:00:00Z"
    },
    "spec": {
      "vrf-name": "scale-vrf-2",
      "attach-tenant": true,
      "protocol": "ESP",
      "authentication-algorithm": "AES_GCM",
      "authentication-key": "FFFFFFFFFFFFFFFFFFFFFFFFFFFFFFFF",
      "decryption-algorithm": "AES_GCM_256",
      "decryption-key": "FFFFFFFFFFFFFFFFFFFFFFFFFFFFFFFF",
      "spi": 6,
      "tep-vrf": "scale-vrf-0"
    },
    "status": {}
  },
  {
    "kind": "IPSecSADecrypt",
    "meta": {
      "name": "ipsec-decrypt-sa7",
      "tenant": "default",
      "namespace": "default",
      "creation-time": "1970-01-01T00:00:00Z",
      "mod-time": "1970-01-01T00:00:00Z"
    },
    "spec": {
      "vrf-name": "scale-vrf-2",
      "attach-tenant": true,
      "protocol": "ESP",
      "authentication-algorithm": "AES_GCM",
      "authentication-key": "GGGGGGGGGGGGGGGGGGGGGGGGGGGGGGGG",
      "decryption-algorithm": "AES_GCM_256",
      "decryption-key": "GGGGGGGGGGGGGGGGGGGGGGGGGGGGGGGG",
      "spi": 7,
      "tep-vrf": "scale-vrf-0"
    },
    "status": {}
  },
  {
    "kind": "IPSecSADecrypt",
    "meta": {
      "name": "ipsec-decrypt-sa8",
      "tenant": "default",
      "namespace": "default",
      "creation-time": "1970-01-01T00:00:00Z",
      "mod-time": "1970-01-01T00:00:00Z"
    },
    "spec": {
      "vrf-name": "scale-vrf-2",
      "attach-tenant": true,
      "protocol": "ESP",
      "authentication-algorithm": "AES_GCM",
      "authentication-key": "HHHHHHHHHHHHHHHHHHHHHHHHHHHHHHHH",
      "decryption-algorithm": "AES_GCM_256",
      "decryption-key": "HHHHHHHHHHHHHHHHHHHHHHHHHHHHHHHH",
      "spi": 8,
      "tep-vrf": "scale-vrf-0"
    },
    "status": {}
  },
  {
    "kind": "IPSecSADecrypt",
    "meta": {
      "name": "ipsec-decrypt-sa9",
      "tenant": "default",
      "namespace": "default",
      "creation-time": "1970-01-01T00:00:00Z",
      "mod-time": "1970-01-01T00:00:00Z"
    },
    "spec": {
      "vrf-name": "scale-vrf-2",
      "attach-tenant": true,
      "protocol": "ESP",
      "authentication-algorithm": "AES_GCM",
      "authentication-key": "IIIIIIIIIIIIIIIIIIIIIIIIIIIIIIII",
      "decryption-algorithm": "AES_GCM_256",
      "decryption-key": "IIIIIIIIIIIIIIIIIIIIIIIIIIIIIIII",
      "spi": 9,
      "tep-vrf": "scale-vrf-0"
    },
    "status": {}
  },
  {
    "kind": "IPSecSADecrypt",
    "meta": {
      "name": "ipsec-decrypt-sa10",
      "tenant": "default",
      "namespace": "default",
      "creation-time": "1970-01-01T00:00:00Z",
      "mod-time": "1970-01-01T00:00:00Z"
    },
    "spec": {
      "vrf-name": "scale-vrf-2",
      "attach-tenant": true,
      "protocol": "ESP",
      "authentication-algorithm": "AES_GCM",
      "authentication-key": "JJJJJJJJJJJJJJJJJJJJJJJJJJJJJJJJ",
      "decryption-algorithm": "AES_GCM_256",
      "decryption-key": "JJJJJJJJJJJJJJJJJJJJJJJJJJJJJJJJ",
      "spi": 10,
      "tep-vrf": "scale-vrf-0"
    },
    "status": {}
  },
  {
    "kind": "IPSecSADecrypt",
    "meta": {
      "name": "ipsec-decrypt-sa11",
      "tenant": "default",
      "namespace": "default",
      "creation-time": "1970-01-01T00:00:00Z",
      "mod-time": "1970-01-01T00:00:00Z"
    },
    "spec": {
      "vrf-name": "scale-vrf-2",
      "attach-tenant": true,
      "protocol": "ESP",
      "authentication-algorithm": "AES_GCM",
      "authentication-key": "KKKKKKKKKKKKKKKKKKKKKKKKKKKKKKKK",
      "decryption-algorithm": "AES_GCM_256",
      "decryption-key": "KKKKKKKKKKKKKKKKKKKKKKKKKKKKKKKK",
      "spi": 11,
      "tep-vrf": "scale-vrf-0"
    },
    "status": {}
  },
  {
    "kind": "IPSecSADecrypt",
    "meta": {
      "name": "ipsec-decrypt-sa12",
      "tenant": "default",
      "namespace": "default",
      "creation-time": "1970-01-01T00:00:00Z",
      "mod-time": "1970-01-01T00:00:00Z"
    },
    "spec": {
      "vrf-name": "scale-vrf-2",
      "attach-tenant": true,
      "protocol": "ESP",
      "authentication-algorithm": "AES_GCM",
      "authentication-key": "LLLLLLLLLLLLLLLLLLLLLLLLLLLLLLLL",
      "decryption-algorithm": "AES_GCM_256",
      "decryption-key": "LLLLLLLLLLLLLLLLLLLLLLLLLLLLLLLL",
      "spi": 12,
      "tep-vrf": "scale-vrf-0"
    },
    "status": {}
  },
  {
    "kind": "IPSecSADecrypt",
    "meta": {
      "name": "ipsec-decrypt-sa13",
      "tenant": "default",
      "namespace": "default",
      "creation-time": "1970-01-01T00:00:00Z",
      "mod-time": "1970-01-01T00:00:00Z"
    },
    "spec": {
      "vrf-name": "scale-vrf-2",
      "attach-tenant": true,
      "protocol": "ESP",
      "authentication-algorithm": "AES_GCM",
      "authentication-key": "MMMMMMMMMMMMMMMMMMMMMMMMMMMMMMMM",
      "decryption-algorithm": "AES_GCM_256",
      "decryption-key": "MMMMMMMMMMMMMMMMMMMMMMMMMMMMMMMM",
      "spi": 13,
      "tep-vrf": "scale-vrf-0"
    },
    "status": {}
  },
  {
    "kind": "IPSecSADecrypt",
    "meta": {
      "name": "ipsec-decrypt-sa14",
      "tenant": "default",
      "namespace": "default",
      "creation-time": "1970-01-01T00:00:00Z",
      "mod-time": "1970-01-01T00:00:00Z"
    },
    "spec": {
      "vrf-name": "scale-vrf-2",
      "attach-tenant": true,
      "protocol": "ESP",
      "authentication-algorithm": "AES_GCM",
      "authentication-key": "NNNNNNNNNNNNNNNNNNNNNNNNNNNNNNNN",
      "decryption-algorithm": "AES_GCM_256",
      "decryption-key": "NNNNNNNNNNNNNNNNNNNNNNNNNNNNNNNN",
      "spi": 14,
      "tep-vrf": "scale-vrf-0"
    },
    "status": {}
  },
  {
    "kind": "IPSecSADecrypt",
    "meta": {
      "name": "ipsec-decrypt-sa15",
      "tenant": "default",
      "namespace": "default",
      "creation-time": "1970-01-01T00:00:00Z",
      "mod-time": "1970-01-01T00:00:00Z"
    },
    "spec": {
      "vrf-name": "scale-vrf-2",
      "attach-tenant": true,
      "protocol": "ESP",
      "authentication-algorithm": "AES_GCM",
      "authentication-key": "OOOOOOOOOOOOOOOOOOOOOOOOOOOOOOOO",
      "decryption-algorithm": "AES_GCM_256",
      "decryption-key": "OOOOOOOOOOOOOOOOOOOOOOOOOOOOOOOO",
      "spi": 15,
      "tep-vrf": "scale-vrf-0"
    },
    "status": {}
  },
  {
    "kind": "IPSecSADecrypt",
    "meta": {
      "name": "ipsec-decrypt-sa16",
      "tenant": "default",
      "namespace": "default",
      "creation-time": "1970-01-01T00:00:00Z",
      "mod-time": "1970-01-01T00:00:00Z"
    },
    "spec": {
      "vrf-name": "scale-vrf-2",
      "attach-tenant": true,
      "protocol": "ESP",
      "authentication-algorithm": "AES_GCM",
      "authentication-key": "PPPPPPPPPPPPPPPPPPPPPPPPPPPPPPPP",
      "decryption-algorithm": "AES_GCM_256",
      "decryption-key": "PPPPPPPPPPPPPPPPPPPPPPPPPPPPPPPP",
      "spi": 16,
      "tep-vrf": "scale-vrf-0"
    },
    "status": {}
  }
]
