[
  {
    "kind": "IPSecPolicy",
    "meta": {
      "name": "ipsec-encrypt-rules",
      "tenant": "default",
      "namespace": "scale-vrf-0",
      "creation-time": "1970-01-01T00:00:00Z",
      "mod-time": "1970-01-01T00:00:00Z"
    },
    "spec": {
      "attach-tenant": true,
      "rules": [
        {
          "source": {
            "addresses": [
              "177.0.0.0 - 177.255.255.255"
            ],
            "app-configs": [
              {
                "protocol": "tcp",
                "port": "40001-42000"
              },
              {
                "protocol": "udp",
                "port": "40001-42000"
              }
            ]
          },
          "sa-name": "ipsec-encrypt-sa1",
          "sa-type": "ENCRYPT"
        },
        {
          "source": {
            "addresses": [
              "177.0.0.0 - 177.255.255.255"
            ],
            "app-configs": [
              {
                "protocol": "tcp",
                "port": "42001-44000"
              },
              {
                "protocol": "udp",
                "port": "42001-44000"
              }
            ]
          },
          "sa-name": "ipsec-encrypt-sa2",
          "sa-type": "ENCRYPT"
        },
        {
          "source": {
            "addresses": [
              "177.0.0.0 - 177.255.255.255"
            ],
            "app-configs": [
              {
                "protocol": "tcp",
                "port": "44001-46000"
              },
              {
                "protocol": "udp",
                "port": "44001-46000"
              }
            ]
          },
          "sa-name": "ipsec-encrypt-sa3",
          "sa-type": "ENCRYPT"
        },
        {
          "source": {
            "addresses": [
              "177.0.0.0 - 177.255.255.255"
            ],
            "app-configs": [
              {
                "protocol": "tcp",
                "port": "46001-48000"
              },
              {
                "protocol": "udp",
                "port": "46001-48000"
              }
            ]
          },
          "sa-name": "ipsec-encrypt-sa4",
          "sa-type": "ENCRYPT"
        }
      ]
    },
    "status": {}
  },
  {
    "kind": "IPSecPolicy",
    "meta": {
      "name": "ipsec-decrypt-rules",
      "tenant": "default",
      "namespace": "scale-vrf-2",
      "creation-time": "1970-01-01T00:00:00Z",
      "mod-time": "1970-01-01T00:00:00Z"
    },
    "spec": {
      "attach-tenant": true,
      "rules": [
        {
          "source": {
            "addresses": [
              "112.211.249.2 - 112.211.249.5"
            ]
          },
          "destination": {
            "addresses": [
              "112.211.249.2 - 112.211.249.5"
            ]
          },
          "sa-name": "ipsec-decrypt-sa1",
          "sa-type": "DECRYPT",
          "spi": 1
        },
        {
          "source": {
            "addresses": [
              "112.211.249.2 - 112.211.249.5"
            ]
          },
          "destination": {
            "addresses": [
              "112.211.249.2 - 112.211.249.5"
            ]
          },
          "sa-name": "ipsec-decrypt-sa2",
          "sa-type": "DECRYPT",
          "spi": 2
        },
        {
          "source": {
            "addresses": [
              "112.211.249.2 - 112.211.249.5"
            ]
          },
          "destination": {
            "addresses": [
              "112.211.249.2 - 112.211.249.5"
            ]
          },
          "sa-name": "ipsec-decrypt-sa3",
          "sa-type": "DECRYPT",
          "spi": 3
        },
        {
          "source": {
            "addresses": [
              "112.211.249.2 - 112.211.249.5"
            ]
          },
          "destination": {
            "addresses": [
              "112.211.249.2 - 112.211.249.5"
            ]
          },
          "sa-name": "ipsec-decrypt-sa4",
          "sa-type": "DECRYPT",
          "spi": 4
        }
      ]
    },
    "status": {}
  }
]
