[
  {
    "kind": "IPSecSADecrypt",
    "meta": {
      "name": "ipsec-decrypt-sa",
      "tenant": "default",
      "namespace": "infra",
      "creation-time": "1970-01-01T00:00:00Z",
      "mod-time": "1970-01-01T00:00:00Z"
    },
    "spec": {
      "attach-tenant": true,
      "protocol": "ESP",
      "authentication-algorithm": "AES_GCM",
      "authentication-key": "CCCCCCCCCCCCCCCCCCCCCCCCCCCCCCCC",
      "decryption-algorithm": "AES_GCM_256",
      "decryption-key": "CCCCCCCCCCCCCCCCCCCCCCCCCCCCCCCC",
      "spi": 1,
      "tep-namespace": "infra"
    },
    "status": {}
  }
]
