[
  {
    "kind": "IPSecSADecrypt",
    "meta": {
      "name": "ipsec-decrypt-sa1",
      "tenant": "default",
      "namespace": "scale-vrf-2",
      "creation-time": "1970-01-01T00:00:00Z",
      "mod-time": "1970-01-01T00:00:00Z"
    },
    "spec": {
      "attach-tenant": true,
      "protocol": "ESP",
      "authentication-algorithm": "AES_GCM",
      "authentication-key": "AAAAAAAAAAAAAAAAAAAAAAAAAAAAAAAAAAAAAAAAAAAAAAAAAAAAAAAAAAAAAAAA",
      "decryption-algorithm": "AES_GCM_256",
      "decryption-key": "AAAAAAAAAAAAAAAAAAAAAAAAAAAAAAAAAAAAAAAAAAAAAAAAAAAAAAAAAAAAAAAA",
      "spi": 1,
      "tep-namespace": "scale-vrf-0"
    },
    "status": {}
  },
  {
    "kind": "IPSecSADecrypt",
    "meta": {
      "name": "ipsec-decrypt-sa2",
      "tenant": "default",
      "namespace": "scale-vrf-2",
      "creation-time": "1970-01-01T00:00:00Z",
      "mod-time": "1970-01-01T00:00:00Z"
    },
    "spec": {
      "attach-tenant": true,
      "protocol": "ESP",
      "authentication-algorithm": "AES_GCM",
      "authentication-key": "BBBBBBBBBBBBBBBBBBBBBBBBBBBBBBBBBBBBBBBBBBBBBBBBBBBBBBBBBBBBBBBB",
      "decryption-algorithm": "AES_GCM_256",
      "decryption-key": "BBBBBBBBBBBBBBBBBBBBBBBBBBBBBBBBBBBBBBBBBBBBBBBBBBBBBBBBBBBBBBBB",
      "spi": 2,
      "tep-namespace": "scale-vrf-0"
    },
    "status": {}
  },
  {
    "kind": "IPSecSADecrypt",
    "meta": {
      "name": "ipsec-decrypt-sa3",
      "tenant": "default",
      "namespace": "scale-vrf-2",
      "creation-time": "1970-01-01T00:00:00Z",
      "mod-time": "1970-01-01T00:00:00Z"
    },
    "spec": {
      "attach-tenant": true,
      "protocol": "ESP",
      "authentication-algorithm": "AES_GCM",
      "authentication-key": "CCCCCCCCCCCCCCCCCCCCCCCCCCCCCCCCCCCCCCCCCCCCCCCCCCCCCCCCCCCCCCCC",
      "decryption-algorithm": "AES_GCM_256",
      "decryption-key": "CCCCCCCCCCCCCCCCCCCCCCCCCCCCCCCCCCCCCCCCCCCCCCCCCCCCCCCCCCCCCCCC",
      "spi": 3,
      "tep-namespace": "scale-vrf-0"
    },
    "status": {}
  },
  {
    "kind": "IPSecSADecrypt",
    "meta": {
      "name": "ipsec-decrypt-sa4",
      "tenant": "default",
      "namespace": "scale-vrf-2",
      "creation-time": "1970-01-01T00:00:00Z",
      "mod-time": "1970-01-01T00:00:00Z"
    },
    "spec": {
      "attach-tenant": true,
      "protocol": "ESP",
      "authentication-algorithm": "AES_GCM",
      "authentication-key": "DDDDDDDDDDDDDDDDDDDDDDDDDDDDDDDDDDDDDDDDDDDDDDDDDDDDDDDDDDDDDDDD",
      "decryption-algorithm": "AES_GCM_256",
      "decryption-key": "DDDDDDDDDDDDDDDDDDDDDDDDDDDDDDDDDDDDDDDDDDDDDDDDDDDDDDDDDDDDDDDD",
      "spi": 4,
      "tep-namespace": "scale-vrf-0"
    },
    "status": {}
  }
]
