[
  {
    "kind": "MirrorSession",
    "meta": {
      "name": "scale-mirror-0",
      "tenant": "default",
      "namespace": "default",
      "generation-id": "",
      "creation-time": "1970-01-01T00:00:00Z",
      "mod-time": "1970-01-01T00:00:00Z"
    },
    "spec": {
      "vrf-name": "scale-vrf-0",
      "enable": true,
      "packet-size": 128,
      "stop-condition": {},
      "collectors": [
        {
          "type": "ERSPAN",
          "export-config": {
            "destination": "10.5.7.2",
            "transport": "TCP/8000"
          },
          "pcap-dir-name": ""
        }
      ],
      "match-rules": [
        {
          "source": {
            "ip-addresses": [
              "0.0.0.0/0"
            ]
          },
          "destination": {
            "ip-addresses": [
              "0.0.0.0/0"
            ]
          },
          "app-protocol-selectors": {
            "ports": [
              "ICMP/0/0"
            ]
          }
        },
        {
          "source": {
            "ip-addresses": [
              "0.0.0.0/0"
            ]
          },
          "destination": {
            "ip-addresses": [
              "0.0.0.0/0"
            ]
          },
          "app-protocol-selectors": {
            "ports": [
              "TCP/0/0"
            ]
          }
        }
      ]
    }
  },
  {
    "kind": "MirrorSession",
    "meta": {
      "name": "scale-mirror-1",
      "tenant": "default",
      "namespace": "default",
      "generation-id": "",
      "creation-time": "1970-01-01T00:00:00Z",
      "mod-time": "1970-01-01T00:00:00Z"
    },
    "spec": {
      "vrf-name": "scale-vrf-1",
      "enable": true,
      "packet-size": 128,
      "stop-condition": {},
      "collectors": [
        {
          "type": "ERSPAN",
          "export-config": {
            "destination": "10.0.3.2",
            "transport": "TCP/8001"
          },
          "pcap-dir-name": ""
        }
      ],
      "match-rules": [
        {
          "source": {
            "ip-addresses": [
              "0.0.0.0/0"
            ]
          },
          "destination": {
            "ip-addresses": [
              "0.0.0.0/0"
            ]
          },
          "app-protocol-selectors": {
            "ports": [
              "ICMP/0/0"
            ]
          }
        },
        {
          "source": {
            "ip-addresses": [
              "0.0.0.0/0"
            ]
          },
          "destination": {
            "ip-addresses": [
              "0.0.0.0/0"
            ]
          },
          "app-protocol-selectors": {
            "ports": [
              "TCP/0/0"
            ]
          }
        }
      ]
    }
  },
  {
    "kind": "MirrorSession",
    "meta": {
      "name": "scale-mirror-2",
      "tenant": "default",
      "namespace": "default",
      "generation-id": "",
      "creation-time": "1970-01-01T00:00:00Z",
      "mod-time": "1970-01-01T00:00:00Z"
    },
    "spec": {
      "vrf-name": "scale-vrf-2",
      "enable": true,
      "packet-size": 128,
      "stop-condition": {},
      "collectors": [
        {
          "type": "ERSPAN",
          "export-config": {
            "destination": "10.7.6.2",
            "transport": "TCP/8002"
          },
          "pcap-dir-name": ""
        }
      ],
      "match-rules": [
        {
          "source": {
            "ip-addresses": [
              "0.0.0.0/0"
            ]
          },
          "destination": {
            "ip-addresses": [
              "0.0.0.0/0"
            ]
          },
          "app-protocol-selectors": {
            "ports": [
              "ICMP/0/0"
            ]
          }
        },
        {
          "source": {
            "ip-addresses": [
              "0.0.0.0/0"
            ]
          },
          "destination": {
            "ip-addresses": [
              "0.0.0.0/0"
            ]
          },
          "app-protocol-selectors": {
            "ports": [
              "TCP/0/0"
            ]
          }
        }
      ]
    }
  },
  {
    "kind": "MirrorSession",
    "meta": {
      "name": "scale-mirror-3",
      "tenant": "default",
      "namespace": "default",
      "generation-id": "",
      "creation-time": "1970-01-01T00:00:00Z",
      "mod-time": "1970-01-01T00:00:00Z"
    },
    "spec": {
      "vrf-name": "scale-vrf-3",
      "enable": true,
      "packet-size": 128,
      "stop-condition": {},
      "collectors": [
        {
          "type": "ERSPAN",
          "export-config": {
            "destination": "10.3.9.2",
            "transport": "TCP/8003"
          },
          "pcap-dir-name": ""
        }
      ],
      "match-rules": [
        {
          "source": {
            "ip-addresses": [
              "0.0.0.0/0"
            ]
          },
          "destination": {
            "ip-addresses": [
              "0.0.0.0/0"
            ]
          },
          "app-protocol-selectors": {
            "ports": [
              "ICMP/0/0"
            ]
          }
        },
        {
          "source": {
            "ip-addresses": [
              "0.0.0.0/0"
            ]
          },
          "destination": {
            "ip-addresses": [
              "0.0.0.0/0"
            ]
          },
          "app-protocol-selectors": {
            "ports": [
              "TCP/0/0"
            ]
          }
        }
      ]
    }
  },
  {
    "kind": "MirrorSession",
    "meta": {
      "name": "scale-mirror-4",
      "tenant": "default",
      "namespace": "default",
      "generation-id": "",
      "creation-time": "1970-01-01T00:00:00Z",
      "mod-time": "1970-01-01T00:00:00Z"
    },
    "spec": {
      "vrf-name": "scale-vrf-0",
      "enable": true,
      "packet-size": 128,
      "stop-condition": {},
      "collectors": [
        {
          "type": "ERSPAN",
          "export-config": {
            "destination": "10.5.8.2",
            "transport": "TCP/8004"
          },
          "pcap-dir-name": ""
        }
      ],
      "match-rules": [
        {
          "source": {
            "ip-addresses": [
              "0.0.0.0/0"
            ]
          },
          "destination": {
            "ip-addresses": [
              "0.0.0.0/0"
            ]
          },
          "app-protocol-selectors": {
            "ports": [
              "ICMP/0/0"
            ]
          }
        },
        {
          "source": {
            "ip-addresses": [
              "0.0.0.0/0"
            ]
          },
          "destination": {
            "ip-addresses": [
              "0.0.0.0/0"
            ]
          },
          "app-protocol-selectors": {
            "ports": [
              "TCP/0/0"
            ]
          }
        }
      ]
    }
  },
  {
    "kind": "MirrorSession",
    "meta": {
      "name": "scale-mirror-5",
      "tenant": "default",
      "namespace": "default",
      "generation-id": "",
      "creation-time": "1970-01-01T00:00:00Z",
      "mod-time": "1970-01-01T00:00:00Z"
    },
    "spec": {
      "vrf-name": "scale-vrf-1",
      "enable": true,
      "packet-size": 128,
      "stop-condition": {},
      "collectors": [
        {
          "type": "ERSPAN",
          "export-config": {
            "destination": "10.3.2.2",
            "transport": "TCP/8005"
          },
          "pcap-dir-name": ""
        }
      ],
      "match-rules": [
        {
          "source": {
            "ip-addresses": [
              "0.0.0.0/0"
            ]
          },
          "destination": {
            "ip-addresses": [
              "0.0.0.0/0"
            ]
          },
          "app-protocol-selectors": {
            "ports": [
              "ICMP/0/0"
            ]
          }
        },
        {
          "source": {
            "ip-addresses": [
              "0.0.0.0/0"
            ]
          },
          "destination": {
            "ip-addresses": [
              "0.0.0.0/0"
            ]
          },
          "app-protocol-selectors": {
            "ports": [
              "TCP/0/0"
            ]
          }
        }
      ]
    }
  },
  {
    "kind": "MirrorSession",
    "meta": {
      "name": "scale-mirror-6",
      "tenant": "default",
      "namespace": "default",
      "generation-id": "",
      "creation-time": "1970-01-01T00:00:00Z",
      "mod-time": "1970-01-01T00:00:00Z"
    },
    "spec": {
      "vrf-name": "scale-vrf-2",
      "enable": true,
      "packet-size": 128,
      "stop-condition": {},
      "collectors": [
        {
          "type": "ERSPAN",
          "export-config": {
            "destination": "10.5.4.2",
            "transport": "TCP/8006"
          },
          "pcap-dir-name": ""
        }
      ],
      "match-rules": [
        {
          "source": {
            "ip-addresses": [
              "0.0.0.0/0"
            ]
          },
          "destination": {
            "ip-addresses": [
              "0.0.0.0/0"
            ]
          },
          "app-protocol-selectors": {
            "ports": [
              "ICMP/0/0"
            ]
          }
        },
        {
          "source": {
            "ip-addresses": [
              "0.0.0.0/0"
            ]
          },
          "destination": {
            "ip-addresses": [
              "0.0.0.0/0"
            ]
          },
          "app-protocol-selectors": {
            "ports": [
              "TCP/0/0"
            ]
          }
        }
      ]
    }
  },
  {
    "kind": "MirrorSession",
    "meta": {
      "name": "scale-mirror-7",
      "tenant": "default",
      "namespace": "default",
      "generation-id": "",
      "creation-time": "1970-01-01T00:00:00Z",
      "mod-time": "1970-01-01T00:00:00Z"
    },
    "spec": {
      "vrf-name": "scale-vrf-3",
      "enable": true,
      "packet-size": 128,
      "stop-condition": {},
      "collectors": [
        {
          "type": "ERSPAN",
          "export-config": {
            "destination": "10.4.4.2",
            "transport": "TCP/8007"
          },
          "pcap-dir-name": ""
        }
      ],
      "match-rules": [
        {
          "source": {
            "ip-addresses": [
              "0.0.0.0/0"
            ]
          },
          "destination": {
            "ip-addresses": [
              "0.0.0.0/0"
            ]
          },
          "app-protocol-selectors": {
            "ports": [
              "ICMP/0/0"
            ]
          }
        },
        {
          "source": {
            "ip-addresses": [
              "0.0.0.0/0"
            ]
          },
          "destination": {
            "ip-addresses": [
              "0.0.0.0/0"
            ]
          },
          "app-protocol-selectors": {
            "ports": [
              "TCP/0/0"
            ]
          }
        }
      ]
    }
  }
]
