[
  {
    "kind": "Namespace",
    "meta": {
      "name": "scale-vrf-0",
      "tenant": "default",
      "creation-time": "1970-01-01T00:00:00Z",
      "mod-time": "1970-01-01T00:00:00Z"
    },
    "spec": {},
    "status": {}
  },
  {
    "kind": "Namespace",
    "meta": {
      "name": "scale-vrf-1",
      "tenant": "default",
      "creation-time": "1970-01-01T00:00:00Z",
      "mod-time": "1970-01-01T00:00:00Z"
    },
    "spec": {},
    "status": {}
  },
  {
    "kind": "Namespace",
    "meta": {
      "name": "scale-vrf-2",
      "tenant": "default",
      "creation-time": "1970-01-01T00:00:00Z",
      "mod-time": "1970-01-01T00:00:00Z"
    },
    "spec": {},
    "status": {}
  },
  {
    "kind": "Namespace",
    "meta": {
      "name": "scale-vrf-3",
      "tenant": "default",
      "creation-time": "1970-01-01T00:00:00Z",
      "mod-time": "1970-01-01T00:00:00Z"
    },
    "spec": {},
    "status": {}
  }
]