[
  {
    "kind": "Network",
    "meta": {
      "name": "scale-nw-0",
      "tenant": "default",
      "namespace": "scale-vrf-0",
      "generation-id": "",
      "creation-time": "1970-01-01T00:00:00Z",
      "mod-time": "1970-01-01T00:00:00Z"
    },
    "spec": {
      "ipv4-subnet": "10.5.7.8/24",
      "ipv4-gateway": "10.5.7.1",
      "vlan-id": 100
    },
    "status": {}
  },
  {
    "kind": "Network",
    "meta": {
      "name": "scale-nw-1",
      "tenant": "default",
      "namespace": "scale-vrf-1",
      "generation-id": "",
      "creation-time": "1970-01-01T00:00:00Z",
      "mod-time": "1970-01-01T00:00:00Z"
    },
    "spec": {
      "ipv4-subnet": "10.0.3.5/24",
      "ipv4-gateway": "10.0.3.1",
      "vlan-id": 101
    },
    "status": {}
  },
  {
    "kind": "Network",
    "meta": {
      "name": "scale-nw-2",
      "tenant": "default",
      "namespace": "scale-vrf-2",
      "generation-id": "",
      "creation-time": "1970-01-01T00:00:00Z",
      "mod-time": "1970-01-01T00:00:00Z"
    },
    "spec": {
      "ipv4-subnet": "10.7.6.8/24",
      "ipv4-gateway": "10.7.6.1",
      "vlan-id": 102
    },
    "status": {}
  },
  {
    "kind": "Network",
    "meta": {
      "name": "scale-nw-3",
      "tenant": "default",
      "namespace": "scale-vrf-3",
      "generation-id": "",
      "creation-time": "1970-01-01T00:00:00Z",
      "mod-time": "1970-01-01T00:00:00Z"
    },
    "spec": {
      "ipv4-subnet": "10.3.9.7/24",
      "ipv4-gateway": "10.3.9.1",
      "vlan-id": 103
    },
    "status": {}
  },
  {
    "kind": "Network",
    "meta": {
      "name": "scale-nw-4",
      "tenant": "default",
      "namespace": "scale-vrf-0",
      "generation-id": "",
      "creation-time": "1970-01-01T00:00:00Z",
      "mod-time": "1970-01-01T00:00:00Z"
    },
    "spec": {
      "ipv4-subnet": "10.5.8.2/24",
      "ipv4-gateway": "10.5.8.1",
      "vlan-id": 104
    },
    "status": {}
  },
  {
    "kind": "Network",
    "meta": {
      "name": "scale-nw-5",
      "tenant": "default",
      "namespace": "scale-vrf-1",
      "generation-id": "",
      "creation-time": "1970-01-01T00:00:00Z",
      "mod-time": "1970-01-01T00:00:00Z"
    },
    "spec": {
      "ipv4-subnet": "10.3.2.1/24",
      "ipv4-gateway": "10.3.2.1",
      "vlan-id": 105
    },
    "status": {}
  },
  {
    "kind": "Network",
    "meta": {
      "name": "scale-nw-6",
      "tenant": "default",
      "namespace": "scale-vrf-2",
      "generation-id": "",
      "creation-time": "1970-01-01T00:00:00Z",
      "mod-time": "1970-01-01T00:00:00Z"
    },
    "spec": {
      "ipv4-subnet": "10.5.4.2/24",
      "ipv4-gateway": "10.5.4.1",
      "vlan-id": 106
    },
    "status": {}
  },
  {
    "kind": "Network",
    "meta": {
      "name": "scale-nw-7",
      "tenant": "default",
      "namespace": "scale-vrf-3",
      "generation-id": "",
      "creation-time": "1970-01-01T00:00:00Z",
      "mod-time": "1970-01-01T00:00:00Z"
    },
    "spec": {
      "ipv4-subnet": "10.4.4.5/24",
      "ipv4-gateway": "10.4.4.1",
      "vlan-id": 107
    },
    "status": {}
  }
]