[
  {
    "kind": "Tunnel",
    "meta": {
      "name": "scale-gre-tunnel-0",
      "tenant": "default",
      "namespace": "default",
      "generation-id": "",
      "creation-time": "1970-01-01T00:00:00Z",
      "mod-time": "1970-01-01T00:00:00Z"
    },
    "spec": {
      "vrf-name": "scale-vrf-0",
      "type": "GRE",
      "admin-status": "UP",
      "source": "100.100.100.100",
      "destination": "10.5.7.2"
    },
    "status": {}
  },
  {
    "kind": "Tunnel",
    "meta": {
      "name": "scale-gre-tunnel-1",
      "tenant": "default",
      "namespace": "default",
      "generation-id": "",
      "creation-time": "1970-01-01T00:00:00Z",
      "mod-time": "1970-01-01T00:00:00Z"
    },
    "spec": {
      "vrf-name": "scale-vrf-1",
      "type": "GRE",
      "admin-status": "UP",
      "source": "100.100.100.100",
      "destination": "10.0.3.2"
    },
    "status": {}
  },
  {
    "kind": "Tunnel",
    "meta": {
      "name": "scale-gre-tunnel-2",
      "tenant": "default",
      "namespace": "default",
      "generation-id": "",
      "creation-time": "1970-01-01T00:00:00Z",
      "mod-time": "1970-01-01T00:00:00Z"
    },
    "spec": {
      "vrf-name": "scale-vrf-2",
      "type": "GRE",
      "admin-status": "UP",
      "source": "100.100.100.100",
      "destination": "10.7.6.2"
    },
    "status": {}
  },
  {
    "kind": "Tunnel",
    "meta": {
      "name": "scale-gre-tunnel-3",
      "tenant": "default",
      "namespace": "default",
      "generation-id": "",
      "creation-time": "1970-01-01T00:00:00Z",
      "mod-time": "1970-01-01T00:00:00Z"
    },
    "spec": {
      "vrf-name": "scale-vrf-3",
      "type": "GRE",
      "admin-status": "UP",
      "source": "100.100.100.100",
      "destination": "10.3.9.2"
    },
    "status": {}
  },
  {
    "kind": "Tunnel",
    "meta": {
      "name": "scale-gre-tunnel-4",
      "tenant": "default",
      "namespace": "default",
      "generation-id": "",
      "creation-time": "1970-01-01T00:00:00Z",
      "mod-time": "1970-01-01T00:00:00Z"
    },
    "spec": {
      "vrf-name": "scale-vrf-0",
      "type": "GRE",
      "admin-status": "UP",
      "source": "100.100.100.100",
      "destination": "10.5.8.2"
    },
    "status": {}
  },
  {
    "kind": "Tunnel",
    "meta": {
      "name": "scale-gre-tunnel-5",
      "tenant": "default",
      "namespace": "default",
      "generation-id": "",
      "creation-time": "1970-01-01T00:00:00Z",
      "mod-time": "1970-01-01T00:00:00Z"
    },
    "spec": {
      "vrf-name": "scale-vrf-1",
      "type": "GRE",
      "admin-status": "UP",
      "source": "100.100.100.100",
      "destination": "10.3.2.2"
    },
    "status": {}
  },
  {
    "kind": "Tunnel",
    "meta": {
      "name": "scale-gre-tunnel-6",
      "tenant": "default",
      "namespace": "default",
      "generation-id": "",
      "creation-time": "1970-01-01T00:00:00Z",
      "mod-time": "1970-01-01T00:00:00Z"
    },
    "spec": {
      "vrf-name": "scale-vrf-2",
      "type": "GRE",
      "admin-status": "UP",
      "source": "100.100.100.100",
      "destination": "10.5.4.2"
    },
    "status": {}
  },
  {
    "kind": "Tunnel",
    "meta": {
      "name": "scale-gre-tunnel-7",
      "tenant": "default",
      "namespace": "default",
      "generation-id": "",
      "creation-time": "1970-01-01T00:00:00Z",
      "mod-time": "1970-01-01T00:00:00Z"
    },
    "spec": {
      "vrf-name": "scale-vrf-3",
      "type": "GRE",
      "admin-status": "UP",
      "source": "100.100.100.100",
      "destination": "10.4.4.2"
    },
    "status": {}
  }
]
